<html>
<body>
<pre>
<h1>礦ision Build Log</h1>
<h2>Tool Versions:</h2>
IDE-Version: μVision V5.36.0.0
Copyright (C) 2021 ARM Ltd and ARM Germany GmbH. All rights reserved.
License Information: cds Administrator, dshb, LIC=47GU5-GFHL4-30XNC-7Y86Q-WBZK0-NRENA
 
Tool Versions:
Toolchain:       MDK-ARM Plus  Version: 5.36.0.0
Toolchain Path:  E:\Keil_v5\ARM\ARMCC\Bin
C Compiler:      Armcc.exe V5.06 update 7 (build 960)
Assembler:       Armasm.exe V5.06 update 7 (build 960)
Linker/Locator:  ArmLink.exe V5.06 update 7 (build 960)
Library Manager: ArmAr.exe V5.06 update 7 (build 960)
Hex Converter:   FromElf.exe V5.06 update 7 (build 960)
CPU DLL:         SARMCM3.DLL V5.36.0.0
Dialog DLL:      DCM.DLL V1.17.3.0
Target DLL:      STLink\ST-LINKIII-KEIL_SWO.dll V3.0.9.0
Dialog DLL:      TCM.DLL V1.53.0.0
 
<h2>Project:</h2>
E:\【正点原子】F407资料\4，扩展例程\3，扩展例程\3，EMWIN扩展例程\EMWIN实验27 PNG图片显示\USER\Template.uvprojx
Project File Date:  08/03/2022

<h2>Output:</h2>
*** Using Compiler 'V5.06 update 7 (build 960)', folder: 'E:\Keil_v5\ARM\ARMCC\Bin'
Build target 'Template'
compiling system_stm32f4xx.c...
compiling stm32f4xx_it.c...
compiling led.c...
compiling 24cxx.c...
compiling sram.c...
compiling lcd.c...
compiling myiic.c...
compiling ctiic.c...
compiling ott2001a.c...
compiling gt9147.c...
compiling main.c...
compiling touch.c...
compiling ft5206.c...
assembling startup_stm32f40_41xxx.s...
compiling spi.c...
compiling w25qxx.c...
compiling key.c...
compiling misc.c...
compiling sdio_sdcard.c...
compiling stm32f4xx_fsmc.c...
compiling stm32f4xx_gpio.c...
compiling stm32f4xx_syscfg.c...
compiling stm32f4xx_rcc.c...
compiling stm32f4xx_usart.c...
compiling stm32f4xx_dma.c...
compiling stm32f4xx_sdio.c...
compiling stm32f4xx_tim.c...
compiling stm32f4xx_spi.c...
compiling sys.c...
compiling delay.c...
compiling malloc.c...
compiling usart.c...
compiling fontupd.c...
compiling mytext.c...
compiling exfuns.c...
compiling fattester.c...
compiling mycc936.c...
compiling diskio.c...
compiling GUIConf.c...
compiling GUI_X_UCOSIII.c...
compiling GUIDRV_Template.c...
compiling GUI_FontHZ12.c...
compiling GUI_FontHZ16.c...
compiling ff.c...
compiling GUI_X_Touch_Analog.c...
compiling LCDConf_FlexColor_Template.c...
compiling GUI_FontHZ24.c...
compiling GUI_UC_EncodeNone.c...
compiling GUICharPEx.c...
compiling adler32.c...
compiling compress.c...
compiling crc32.c...
..\EMWIN\STemWinPNG\crc32.c(242): warning:  #111-D: statement is unreachable
      crc = crc ^ 0xffffffffUL;
..\EMWIN\STemWinPNG\crc32.c: 1 warning, 0 errors
compiling gzio.c...
compiling IMAGE_PNG.c...
compiling deflate.c...
compiling GUI_PNG.c...
compiling inffast.c...
compiling infback.c...
compiling inftrees.c...
compiling inflate.c...
compiling png.c...
compiling pngerror.c...
compiling pnggccrd.c...
compiling pngmem.c...
compiling pngget.c...
compiling pngpread.c...
compiling pngrio.c...
compiling pngread.c...
compiling pngtrans.c...
compiling pngset.c...
compiling pngvcrd.c...
compiling pngwio.c...
compiling pngrutil.c...
compiling pngwrite.c...
compiling pngwtran.c...
compiling uncompr.c...
compiling zutil.c...
compiling pngrtran.c...
compiling trees.c...
assembling cpu_a.asm...
compiling pngwutil.c...
compiling cpu_c.c...
compiling cpu_core.c...
compiling lib_ascii.c...
assembling lib_mem_a.asm...
compiling bsp.c...
compiling lib_math.c...
compiling os_cfg_app.c...
compiling lib_mem.c...
compiling lib_str.c...
compiling os_core.c...
compiling os_dbg.c...
compiling os_int.c...
compiling os_flag.c...
compiling os_msg.c...
compiling os_mutex.c...
compiling os_pend_multi.c...
compiling os_prio.c...
compiling os_q.c...
compiling os_mem.c...
compiling os_sem.c...
compiling os_stat.c...
compiling os_tick.c...
compiling os_time.c...
compiling os_task.c...
assembling os_cpu_a.asm...
compiling os_tmr.c...
compiling os_var.c...
compiling os_app_hooks.c...
compiling os_cpu_c.c...
compiling usmart_config.c...
compiling usmart.c...
compiling usmart_str.c...
compiling jpegdisplay.c...
compiling bmpdisplay.c...
compiling gifdisplay.c...
compiling pngdisplay.c...
linking...
Program Size: Code=282536 RO-data=42156 RW-data=3736 ZI-data=1112040  
FromELF: creating hex file...
"..\OBJ\Template.axf" - 0 Error(s), 1 Warning(s).

<h2>Software Packages used:</h2>

Package Vendor: Keil
                http://www.keil.com/pack/Keil.STM32F4xx_DFP.2.7.0.pack
                Keil.STM32F4xx_DFP.2.7.0
                STMicroelectronics STM32F4 Series Device Support, Drivers and Examples

<h2>Collection of Component include folders:</h2>
  E:\Users\Administrator\AppData\Local\Arm\Packs\Keil\STM32F4xx_DFP\2.7.0\Drivers\CMSIS\Device\ST\STM32F4xx\Include

<h2>Collection of Component Files used:</h2>
Build Time Elapsed:  00:00:09
</pre>
</body>
</html>
